INFO:root:log mess
INFO:root:log mess
WARNING:root:log mess
ERROR:root:log mess
CRITICAL:root:log mess
